L1 C0..2: source.d comment.line.begin.d
L1 C2..11: source.d comment.line.content.d
L2 C0..5: source.d keyword.other.alias.d
L2 C5..6: source.d
L2 C6..19: source.d variable.d
L2 C19..20: source.d
L2 C20..21: source.d keyword.operator.equal.alias.d
L2 C21..22: source.d
L2 C22..30: source.d variable.d
L2 C30..32: source.d
L3 C0..4: source.d
L3 C4..8: source.d variable.d
L3 C8..10: source.d
L3 C10..15: source.d storage.type.basic-type.d
L3 C15..16: source.d keyword.operator.comma.d
L3 C16..17: source.d
L3 C17..19: source.d constant.numeric.integer.decimal.d
L3 C19..20: source.d
L3 C20..21: source.d keyword.operator.numeric.d
L3 C21..22: source.d
L3 C22..27: source.d storage.type.basic-type.d
L3 C27..34: source.d variable.d
L3 C34..35: source.d
L3 C35..36: source.d
L3 C36..37: source.d
L4 C0..8: source.d
L4 C8..10: source.d comment.block.begin.d
L4 C10..42: source.d comment.block.content.d
L4 C42..44: source.d comment.block.end.d
L4 C44..45: source.d
L4 C45..49: source.d constant.numeric.integer.hexadecimal.d
L4 C49..50: source.d keyword.operator.comma.d
L5 C0..8: source.d
L5 C8..10: source.d comment.block.begin.d
L5 C10..42: source.d comment.block.content.d
L5 C42..44: source.d comment.block.end.d
L5 C44..45: source.d
L5 C45..49: source.d constant.numeric.integer.hexadecimal.d
L5 C49..50: source.d keyword.operator.comma.d
L5 C50..51: source.d
L5 C51..55: source.d constant.numeric.integer.hexadecimal.d
L5 C55..56: source.d keyword.operator.comma.d
L5 C56..57: source.d
L5 C57..61: source.d constant.numeric.integer.hexadecimal.d
L5 C61..62: source.d keyword.operator.comma.d
L6 C0..8: source.d
L6 C8..10: source.d comment.block.begin.d
L6 C10..42: source.d comment.block.content.d
L6 C42..44: source.d comment.block.end.d
L6 C44..45: source.d
L6 C45..49: source.d constant.numeric.integer.hexadecimal.d
L6 C49..50: source.d keyword.operator.comma.d
L6 C50..51: source.d
L6 C51..55: source.d constant.numeric.integer.hexadecimal.d
L6 C55..56: source.d keyword.operator.comma.d
L6 C56..57: source.d
L6 C57..61: source.d constant.numeric.integer.hexadecimal.d
L6 C61..62: source.d keyword.operator.comma.d
L6 C62..63: source.d
L6 C63..67: source.d constant.numeric.integer.hexadecimal.d
L6 C67..68: source.d keyword.operator.comma.d
L7 C0..8: source.d
L7 C8..10: source.d comment.block.begin.d
L7 C10..42: source.d comment.block.content.d
L7 C42..44: source.d comment.block.end.d
L7 C44..45: source.d
L7 C45..49: source.d constant.numeric.integer.hexadecimal.d
L7 C49..50: source.d keyword.operator.comma.d
L7 C50..51: source.d
L7 C51..55: source.d constant.numeric.integer.hexadecimal.d
L7 C55..56: source.d keyword.operator.comma.d
L7 C56..57: source.d
L7 C57..61: source.d constant.numeric.integer.hexadecimal.d
L7 C61..62: source.d keyword.operator.comma.d
L7 C62..63: source.d
L7 C63..67: source.d constant.numeric.integer.hexadecimal.d
L7 C67..68: source.d keyword.operator.comma.d
L8 C0..8: source.d
L8 C8..10: source.d comment.block.begin.d
L8 C10..42: source.d comment.block.content.d
L8 C42..44: source.d comment.block.end.d
L8 C44..45: source.d
L8 C45..49: source.d constant.numeric.integer.hexadecimal.d
L8 C49..50: source.d keyword.operator.comma.d
L8 C50..51: source.d
L8 C51..55: source.d constant.numeric.integer.hexadecimal.d
L8 C55..56: source.d keyword.operator.comma.d
L8 C56..57: source.d
L8 C57..61: source.d constant.numeric.integer.hexadecimal.d
L8 C61..62: source.d keyword.operator.comma.d
L8 C62..63: source.d
L8 C63..67: source.d constant.numeric.integer.hexadecimal.d
L8 C67..68: source.d keyword.operator.comma.d
L9 C0..8: source.d
L9 C8..10: source.d comment.block.begin.d
L9 C10..42: source.d comment.block.content.d
L9 C42..44: source.d comment.block.end.d
L9 C44..45: source.d
L9 C45..49: source.d constant.numeric.integer.hexadecimal.d
L9 C49..50: source.d keyword.operator.comma.d
L9 C50..51: source.d
L9 C51..55: source.d constant.numeric.integer.hexadecimal.d
L9 C55..56: source.d keyword.operator.comma.d
L9 C56..57: source.d
L9 C57..61: source.d constant.numeric.integer.hexadecimal.d
L9 C61..62: source.d keyword.operator.comma.d
L9 C62..63: source.d
L9 C63..67: source.d constant.numeric.integer.hexadecimal.d
L9 C67..68: source.d keyword.operator.comma.d
L9 C68..69: source.d
L9 C69..73: source.d constant.numeric.integer.hexadecimal.d
L9 C73..74: source.d keyword.operator.comma.d
L10 C0..8: source.d
L10 C8..10: source.d comment.block.begin.d
L10 C10..42: source.d comment.block.content.d
L10 C42..44: source.d comment.block.end.d
L10 C44..45: source.d
L10 C45..49: source.d constant.numeric.integer.hexadecimal.d
L10 C49..50: source.d keyword.operator.comma.d
L11 C0..8: source.d
L11 C8..10: source.d comment.block.begin.d
L11 C10..42: source.d comment.block.content.d
L11 C42..44: source.d comment.block.end.d
L11 C44..45: source.d
L11 C45..49: source.d constant.numeric.integer.hexadecimal.d
L11 C49..50: source.d keyword.operator.comma.d
L12 C0..4: source.d
L12 C4..5: source.d
L12 C5..6: source.d
L12 C6..7: source.d keyword.operator.comma.d
L13 C0..4: source.d
L13 C4..8: source.d variable.d
L13 C8..10: source.d
L13 C10..15: source.d storage.type.basic-type.d
L13 C15..16: source.d keyword.operator.numeric.d
L13 C16..17: source.d keyword.operator.comma.d
L13 C17..18: source.d
L13 C18..20: source.d constant.numeric.integer.decimal.d
L13 C20..21: source.d
L13 C21..22: source.d keyword.operator.numeric.d
L13 C22..23: source.d
L13 C23..28: source.d storage.type.basic-type.d
L13 C28..35: source.d variable.d
L13 C35..36: source.d
L13 C36..37: source.d
L13 C37..38: source.d
L14 C0..8: source.d
L14 C8..10: source.d comment.block.begin.d
L14 C10..42: source.d comment.block.content.d
L14 C42..44: source.d comment.block.end.d
L14 C44..45: source.d
L14 C45..49: source.d constant.numeric.integer.hexadecimal.d
L14 C49..50: source.d keyword.operator.comma.d
L15 C0..8: source.d
L15 C8..10: source.d comment.block.begin.d
L15 C10..42: source.d comment.block.content.d
L15 C42..44: source.d comment.block.end.d
L15 C44..45: source.d
L15 C45..49: source.d constant.numeric.integer.hexadecimal.d
L15 C49..50: source.d keyword.operator.comma.d
L15 C50..51: source.d
L15 C51..55: source.d constant.numeric.integer.hexadecimal.d
L15 C55..56: source.d keyword.operator.comma.d
L15 C56..57: source.d
L15 C57..61: source.d constant.numeric.integer.hexadecimal.d
L15 C61..62: source.d keyword.operator.comma.d
L16 C0..8: source.d
L16 C8..10: source.d comment.block.begin.d
L16 C10..42: source.d comment.block.content.d
L16 C42..44: source.d comment.block.end.d
L16 C44..45: source.d
L16 C45..49: source.d constant.numeric.integer.hexadecimal.d
L16 C49..50: source.d keyword.operator.comma.d
L16 C50..51: source.d
L16 C51..55: source.d constant.numeric.integer.hexadecimal.d
L16 C55..56: source.d keyword.operator.comma.d
L16 C56..57: source.d
L16 C57..61: source.d constant.numeric.integer.hexadecimal.d
L16 C61..62: source.d keyword.operator.comma.d
L17 C0..8: source.d
L17 C8..10: source.d comment.block.begin.d
L17 C10..42: source.d comment.block.content.d
L17 C42..44: source.d comment.block.end.d
L17 C44..45: source.d
L17 C45..49: source.d constant.numeric.integer.hexadecimal.d
L17 C49..50: source.d keyword.operator.comma.d
L17 C50..51: source.d
L17 C51..55: source.d constant.numeric.integer.hexadecimal.d
L17 C55..56: source.d keyword.operator.comma.d
L17 C56..57: source.d
L17 C57..61: source.d constant.numeric.integer.hexadecimal.d
L17 C61..62: source.d keyword.operator.comma.d
L17 C62..63: source.d
L17 C63..67: source.d constant.numeric.integer.hexadecimal.d
L17 C67..68: source.d keyword.operator.comma.d
L18 C0..8: source.d
L18 C8..10: source.d comment.block.begin.d
L18 C10..42: source.d comment.block.content.d
L18 C42..44: source.d comment.block.end.d
L18 C44..45: source.d
L18 C45..49: source.d constant.numeric.integer.hexadecimal.d
L18 C49..50: source.d keyword.operator.comma.d
L18 C50..51: source.d
L18 C51..55: source.d constant.numeric.integer.hexadecimal.d
L18 C55..56: source.d keyword.operator.comma.d
L18 C56..57: source.d
L18 C57..61: source.d constant.numeric.integer.hexadecimal.d
L18 C61..62: source.d keyword.operator.comma.d
L18 C62..63: source.d
L18 C63..67: source.d constant.numeric.integer.hexadecimal.d
L18 C67..68: source.d keyword.operator.comma.d
L19 C0..8: source.d
L19 C8..10: source.d comment.block.begin.d
L19 C10..42: source.d comment.block.content.d
L19 C42..44: source.d comment.block.end.d
L19 C44..45: source.d
L19 C45..49: source.d constant.numeric.integer.hexadecimal.d
L19 C49..50: source.d keyword.operator.comma.d
L19 C50..51: source.d
L19 C51..55: source.d constant.numeric.integer.hexadecimal.d
L19 C55..56: source.d keyword.operator.comma.d
L19 C56..57: source.d
L19 C57..61: source.d constant.numeric.integer.hexadecimal.d
L19 C61..62: source.d keyword.operator.comma.d
L19 C62..63: source.d
L19 C63..67: source.d constant.numeric.integer.hexadecimal.d
L19 C67..68: source.d keyword.operator.comma.d
L20 C0..8: source.d
L20 C8..10: source.d comment.block.begin.d
L20 C10..42: source.d comment.block.content.d
L20 C42..44: source.d comment.block.end.d
L20 C44..45: source.d
L20 C45..49: source.d constant.numeric.integer.hexadecimal.d
L20 C49..50: source.d keyword.operator.comma.d
L20 C50..51: source.d
L20 C51..55: source.d constant.numeric.integer.hexadecimal.d
L20 C55..56: source.d keyword.operator.comma.d
L20 C56..57: source.d
L20 C57..61: source.d constant.numeric.integer.hexadecimal.d
L20 C61..62: source.d keyword.operator.comma.d
L20 C62..63: source.d
L20 C63..67: source.d constant.numeric.integer.hexadecimal.d
L20 C67..68: source.d keyword.operator.comma.d
L20 C68..69: source.d
L20 C69..73: source.d constant.numeric.integer.hexadecimal.d
L20 C73..74: source.d keyword.operator.comma.d
L21 C0..8: source.d
L21 C8..10: source.d comment.block.begin.d
L21 C10..42: source.d comment.block.content.d
L21 C42..44: source.d comment.block.end.d
L21 C44..45: source.d
L21 C45..49: source.d constant.numeric.integer.hexadecimal.d
L21 C49..50: source.d keyword.operator.comma.d
L22 C0..8: source.d
L22 C8..10: source.d comment.block.begin.d
L22 C10..42: source.d comment.block.content.d
L22 C42..44: source.d comment.block.end.d
L22 C44..45: source.d
L22 C45..49: source.d constant.numeric.integer.hexadecimal.d
L22 C49..50: source.d keyword.operator.comma.d
L23 C0..4: source.d
L23 C4..5: source.d
L23 C5..6: source.d
L24 C0..1: source.d
L24 C1..2: source.d meta.alias.end.d