L1 C0..4: source.d storage.type.basic-type.d
L1 C4..5: source.d
L1 C5..7: source.d entity.name.function.d
L1 C7..8: source.d
L1 C8..9: source.d
L1 C9..10: source.d source.d
L1 C10..11: source.d source.d
L2 C0..1: source.d
L2 C1..2: source.d
L2 C2..3: source.d
L2 C3..4: source.d
L2 C4..5: source.d source.d
L2 C5..6: source.d source.d
L2 C6..7: source.d
L2 C7..9: source.d entity.name.function.d
L2 C9..10: source.d
L2 C10..11: source.d
L2 C11..12: source.d meta.statement.end.d
L2 C12..13: source.d
L2 C13..14: source.d
L2 C14..15: source.d
L2 C15..16: source.d meta.statement.end.d
L3 C0..1: source.d
L3 C1..2: source.d
L3 C2..3: source.d source.d
L3 C3..4: source.d
L3 C4..6: source.d entity.name.function.d
L3 C6..7: source.d
L3 C7..8: source.d
L3 C8..9: source.d meta.statement.end.d
L3 C9..10: source.d
L3 C10..11: source.d
L3 C11..12: source.d
L3 C12..13: source.d meta.statement.end.d
L4 C0..1: source.d