L1 C0..4: source.d storage.type.basic-type.d
L1 C4..5: source.d
L1 C5..9: source.d entity.name.function.d
L1 C9..10: source.d
L1 C10..11: source.d
L1 C11..12: source.d source.d
L1 C12..13: source.d source.d
L2 C0..1: source.d
L2 C1..13: source.d storage.class.d
L2 C13..14: source.d
L2 C14..17: source.d storage.type.basic-type.d
L2 C17..18: source.d
L2 C18..19: source.d variable.d
L2 C19..20: source.d
L2 C20..21: source.d keyword.operator.assign.d
L2 C21..22: source.d
L2 C22..23: source.d constant.numeric.integer.decimal.d
L2 C23..24: source.d meta.statement.end.d
L3 C0..1: source.d
L3 C1..13: source.d storage.class.d
L3 C13..14: source.d
L3 C14..30: source.d variable.d
L3 C30..31: source.d
L3 C31..32: source.d keyword.operator.assign.d
L3 C32..33: source.d
L3 C33..34: source.d string.double-quoted-string.d
L3 C34..37: source.d string.double-quoted-string.d string.character.d
L3 C37..38: source.d string.double-quoted-string.d
L3 C38..48: source.d string.double-quoted-string.d string.character.d
L3 C48..50: source.d string.double-quoted-string.d
L3 C50..51: source.d string.double-quoted-string.d string.character.d
L3 C51..52: source.d string.double-quoted-string.d
L3 C52..53: source.d string.double-quoted-string.d
L3 C53..60: source.d entity.name.function.d
L3 C60..61: source.d
L3 C61..65: source.d variable.d
L3 C65..66: source.d
L3 C66..67: source.d meta.statement.end.d
L4 C0..1: source.d
L4 C1..7: source.d keyword.control.return.d
L4 C7..8: source.d meta.statement.end.d
L5 C0..1: source.d
L5 C1..13: source.d keyword.control.synchronized.d
L5 C13..14: source.d
L5 C14..15: source.d
L5 C15..18: source.d variable.d
L5 C18..19: source.d
L5 C19..20: source.d source.d
L5 C20..21: source.d source.d
L5 C21..22: source.d
L6 C0..1: source.d
L6 C1..4: source.d storage.type.basic-type.d
L6 C4..5: source.d
L6 C5..6: source.d variable.d
L6 C6..7: source.d meta.statement.end.d
L7 C0..1: source.d
L8 C0..1: source.d
L9 C0..12: source.d storage.class.d
L9 C12..13: source.d
L9 C13..18: source.d storage.type.class.d
L9 C18..19: source.d
L9 C19..22: source.d entity.name.class.d
L9 C22..25: source.d
L10 C0..1: source.d
L10 C1..13: source.d storage.class.d
L10 C13..14: source.d
L10 C14..26: source.d variable.d
L10 C26..28: source.d
L10 C28..31: source.d storage.type.basic-type.d
L10 C31..32: source.d
L10 C32..33: source.d
L10 C33..36: source.d entity.name.function.d
L10 C36..37: source.d
L10 C37..38: source.d
L10 C38..39: source.d source.d
L10 C39..40: source.d source.d
L10 C40..41: source.d
L11 C0..1: source.d
L11 C1..13: source.d storage.class.d
L11 C13..14: source.d
L11 C14..17: source.d storage.type.basic-type.d
L11 C17..18: source.d
L11 C18..21: source.d entity.name.function.d
L11 C21..22: source.d
L11 C22..23: source.d
L11 C23..24: source.d meta.statement.end.d
L12 C0..2: source.d