L1 C0..4: source.d storage.type.basic-type.d
L1 C4..5: source.d
L1 C5..6: source.d variable.d
L1 C6..7: source.d
L1 C7..8: source.d keyword.operator.assign.d
L1 C8..9: source.d
L1 C9..10: source.d
L1 C10..11: source.d
L1 C11..12: source.d
L1 C12..14: source.d keyword.operator.lambda.d
L1 C14..15: source.d
L1 C15..16: source.d variable.d
L1 C16..17: source.d meta.statement.end.d
L2 C0..6: source.d storage.type.struct.d
L2 C6..7: source.d
L2 C7..8: source.d entity.name.type.struct.d
L2 C8..9: source.d
L2 C9..10: source.d variable.d
L2 C10..13: source.d
L2 C13..14: source.d
L2 C14..15: source.d source.d
L2 C15..16: source.d source.d
L2 C16..17: source.d