L1 C0..11: source.d keyword.control.static-if.begin.d
L1 C11..13: source.d comment.block.d
L1 C13..26: source.d comment.block.d
L1 C26..28: source.d comment.block.d
L1 C28..29: source.d
L1 C29..30: source.d variable.d
L1 C30..31: source.d
L1 C31..33: source.d keyword.operator.identity.d
L1 C33..34: source.d
L1 C34..35: source.d variable.d
L1 C35..36: source.d
L1 C36..38: source.d keyword.operator.logical.d
L1 C38..39: source.d
L1 C39..42: source.d keyword.token.is.begin.d
L1 C42..50: source.d variable.d
L1 C50..51: source.d keyword.token.is.end.d
L1 C51..52: source.d keyword.control.static-if.end.d
L1 C52..53: source.d
L1 C53..61: source.d variable.d
L1 C61..62: source.d
L1 C62..63: source.d
L1 C63..64: source.d
L1 C64..69: source.d variable.d
L1 C69..70: source.d meta.statement.end.d
L2 C0..15: source.d keyword.other.static-assert.begin.d
L2 C15..17: source.d comment.block.d
L2 C17..19: source.d comment.block.d
L2 C19..20: source.d
L2 C20..23: source.d keyword.token.is.begin.d
L2 C23..30: source.d keyword.token.typeof.d
L2 C30..34: source.d keyword.token.typeof.d constant.language.boolean.true.d
L2 C34..35: source.d keyword.token.typeof.d
L2 C35..36: source.d keyword.token.is.end.d
L2 C36..37: source.d keyword.other.static-assert.end.d
L2 C37..38: source.d meta.statement.end.d
L3 C0..4: source.d storage.type.basic-type.d
L3 C4..5: source.d
L3 C5..9: source.d entity.name.function.d
L3 C9..10: source.d
L3 C10..11: source.d
L3 C11..12: source.d source.d
L3 C12..13: source.d source.d
L3 C13..14: source.d
L3 C14..16: source.d keyword.control.if.d
L3 C16..17: source.d
L3 C17..20: source.d keyword.token.is.begin.d
L3 C20..27: source.d keyword.token.typeof.d
L3 C27..28: source.d keyword.token.typeof.d variable.d
L3 C28..29: source.d keyword.token.typeof.d
L3 C29..30: source.d keyword.token.is.end.d
L3 C30..31: source.d
L3 C31..32: source.d keyword.operator.assign.d
L3 C32..33: source.d keyword.operator.assign.d
L3 C33..34: source.d
L3 C34..35: source.d constant.numeric.integer.decimal.d
L3 C35..36: source.d
L3 C36..37: source.d source.d
L3 C37..38: source.d source.d
L3 C38..39: source.d
L3 C39..40: source.d
L3 C40..41: source.d