L1 C0..14: source.d keyword.control.static-foreach.d
L1 C14..15: source.d
L1 C15..16: source.d
L1 C16..17: source.d variable.d
L1 C17..18: source.d keyword.operator.semi-colon.d
L1 C18..19: source.d
L1 C19..20: source.d variable.d
L1 C20..21: source.d
L1 C21..22: source.d source.d
L1 C22..23: source.d source.d
L1 C23..24: source.d
L2 C0..4: source.d storage.type.basic-type.d
L2 C4..5: source.d
L2 C5..9: source.d entity.name.function.d
L2 C9..10: source.d
L2 C10..11: source.d
L2 C11..12: source.d source.d
L2 C12..13: source.d source.d
L3 C0..1: source.d
L3 C1..15: source.d keyword.control.static-foreach.d
L3 C15..16: source.d
L3 C16..17: source.d
L3 C17..18: source.d variable.d
L3 C18..19: source.d keyword.operator.semi-colon.d
L3 C19..20: source.d
L3 C20..21: source.d variable.d
L3 C21..22: source.d
L3 C22..23: source.d source.d
L3 C23..24: source.d source.d
L3 C24..25: source.d
L4 C0..1: source.d
L4 C1..8: source.d keyword.control.foreach.d
L4 C8..9: source.d
L4 C9..10: source.d
L4 C10..11: source.d variable.d
L4 C11..12: source.d keyword.operator.semi-colon.d
L4 C12..13: source.d
L4 C13..14: source.d variable.d
L4 C14..15: source.d
L4 C15..16: source.d source.d
L4 C16..17: source.d source.d
L4 C17..18: source.d
L5 C0..1: source.d