L1 C0..7: source.diet meta.first-class.diet storage.type.import.include.diet
L1 C7..8: source.diet meta.first-class.diet
L1 C8..14: source.diet meta.first-class.diet entity.name.type.include.diet
L2 C0..1: source.diet
L3 C0..5: source.diet meta.first-class.diet storage.type.import.include.diet
L3 C5..6: source.diet meta.first-class.diet
L3 C6..13: source.diet meta.first-class.diet entity.name.type.include.diet
L4 C0..1: source.diet
L4 C1..2: source.diet meta.tag.other entity.name.tag.diet
L4 C2..5: source.diet