L1 C0..3: source.diet meta.tag.other entity.name.tag.diet
L1 C3..9: source.diet constant.other.class.diet
L1 C9..12: source.diet constant.other.id.diet
L1 C12..13: source.diet meta.tag.other constant.name.attribute.tag.diet
L1 C13..17: source.diet meta.tag.other entity.other.attribute-name.tag.diet
L1 C17..18: source.diet meta.tag.other attribute_value
L1 C18..22: source.diet meta.tag.other attribute_value variable.d
L1 C22..24: source.diet meta.tag.other
L1 C24..28: source.diet meta.tag.other entity.other.attribute-name.tag.diet
L1 C28..29: source.diet meta.tag.other attribute_value
L1 C29..30: source.diet meta.tag.other attribute_value constant.numeric.integer.decimal.d
L1 C30..32: source.diet meta.tag.other
L1 C32..36: source.diet meta.tag.other entity.other.attribute-name.tag.diet
L1 C36..37: source.diet meta.tag.other attribute_value
L1 C37..38: source.diet meta.tag.other attribute_value string.quoted.diet
L1 C38..43: source.diet meta.tag.other attribute_value string.quoted.diet
L1 C43..44: source.diet meta.tag.other attribute_value string.quoted.diet
L1 C44..45: source.diet meta.tag.other constant.name.attribute.tag.diet
L1 C45..57: source.diet